// Jest Snapshot v1, https://goo.gl/fbAQLP

exports[`CombinedError behaves like a normal Error 1`] = `"[Network] test"`;
